{
  "name": "rest",
  "version": "0.1.0",
  "type": "module",
  "private": true,
  "dependencies": {
    "@typespec/compiler": "latest",
    "@typespec/http": "latest",
    "@typespec/rest": "latest",
    "@typespec/openapi": "latest",
    "@typespec/openapi3": "latest"
  }
}